******************************************************************************
                  TI ARM Linker PC v20.2.5                     
******************************************************************************
>> Linked Wed May 26 19:16:47 2021

OUTPUT FILE NAME:   <Proyecto4_Tiva.out>
ENTRY POINT SYMBOL: "_c_int00_noargs"  address: 00000a2d


MEMORY CONFIGURATION

         name            origin    length      used     unused   attr    fill
----------------------  --------  ---------  --------  --------  ----  --------
  FLASH                 00000000   00040000  00000c88  0003f378  R  X
  SRAM                  20000000   00008000  00000208  00007df8  RW X


SEGMENT ALLOCATION MAP

run origin  load origin   length   init length attrs members
----------  ----------- ---------- ----------- ----- -------
00000000    00000000    00000c88   00000c88    r-x
  00000000    00000000    0000026c   0000026c    r-- .intvecs
  0000026c    0000026c    000008f0   000008f0    r-x .text
  00000b5c    00000b5c    000000fc   000000fc    r-- .const
  00000c58    00000c58    00000030   00000030    r-- .cinit
20000000    20000000    00000208   00000000    rw-
  20000000    20000000    00000200   00000000    rw- .stack
  20000200    20000200    00000005   00000000    rw- .data
  20000205    20000205    00000003   00000000    rw- .bss


SECTION ALLOCATION MAP

 output                                  attributes/
section   page    origin      length       input sections
--------  ----  ----------  ----------   ----------------
.intvecs   0    00000000    0000026c     
                  00000000    0000026c     tm4c123gh6pm_startup_ccs.obj (.intvecs)

.text      0    0000026c    000008f0     
                  0000026c    0000027c     main.obj (.text)
                  000004e8    00000132     driverlib.lib : gpio.obj (.text:GPIOPadConfigSet)
                  0000061a    00000002     --HOLE-- [fill = 0]
                  0000061c    00000110                   : sysctl.obj (.text:SysCtlClockGet)
                  0000072c    000000f4                   : sysctl.obj (.text:SysCtlClockSet)
                  00000820    0000009c     rtsv7M4_T_le_v4SPD16_eabi.lib : memcpy_t2.asm.obj (.text)
                  000008bc    00000068                                   : copy_decompress_lzss.c.obj (.text:decompress:lzss:__TI_decompress_lzss)
                  00000924    00000048     driverlib.lib : gpio.obj (.text:GPIOPinConfigure)
                  0000096c    00000046                   : uart.obj (.text:UARTConfigSetExpClk)
                  000009b2    00000002     --HOLE-- [fill = 0]
                  000009b4    00000044     rtsv7M4_T_le_v4SPD16_eabi.lib : autoinit.c.obj (.text:__TI_auto_init_nobinit_nopinit:__TI_auto_init_nobinit_nopinit)
                  000009f8    00000034     driverlib.lib : sysctl.obj (.text:SysCtlPeripheralEnable)
                  00000a2c    00000034     rtsv7M4_T_le_v4SPD16_eabi.lib : boot_cortex_m.c.obj (.text:_c_int00_noargs:_c_int00_noargs)
                  00000a60    0000002a     driverlib.lib : gpio.obj (.text:GPIODirModeSet)
                  00000a8a    00000002     --HOLE-- [fill = 0]
                  00000a8c    00000020                   : uart.obj (.text:UARTDisable)
                  00000aac    0000001c     rtsv7M4_T_le_v4SPD16_eabi.lib : copy_zero_init.c.obj (.text:decompress:ZI:__TI_zero_init_nomemset:__TI_zero_init_nomemset)
                  00000ac8    00000018     driverlib.lib : gpio.obj (.text:GPIOPinTypeGPIOOutput)
                  00000ae0    00000014                   : uart.obj (.text:UARTEnable)
                  00000af4    00000012                   : gpio.obj (.text:GPIOPinTypeGPIOInput)
                  00000b06    00000012                   : gpio.obj (.text:GPIOPinTypeUART)
                  00000b18    0000000e     rtsv7M4_T_le_v4SPD16_eabi.lib : copy_decompress_none.c.obj (.text:decompress:none:__TI_decompress_none)
                  00000b26    0000000c     tm4c123gh6pm_startup_ccs.obj (.text)
                  00000b32    0000000a     driverlib.lib : uart.obj (.text:UARTCharPut)
                  00000b3c    00000006                   : gpio.obj (.text:GPIOPinRead)
                  00000b42    00000006                   : gpio.obj (.text:GPIOPinWrite)
                  00000b48    00000006                   : sysctl.obj (.text:SysCtlDelay)
                  00000b4e    00000006                   : uart.obj (.text:UARTFIFOLevelSet)
                  00000b54    00000004     rtsv7M4_T_le_v4SPD16_eabi.lib : pre_init.c.obj (.text:_system_pre_init)
                  00000b58    00000004                                   : exit.c.obj (.text:abort:abort)

.const     0    00000b5c    000000fc     
                  00000b5c    00000090     driverlib.lib : gpio.obj (.const:g_pui32GPIOBaseAddrs)
                  00000bec    0000006c                   : sysctl.obj (.const:g_pui32Xtals)

.cinit     0    00000c58    00000030     
                  00000c58    0000000c     (__TI_handler_table)
                  00000c64    00000009     (.cinit..data.load) [load image, compression = lzss]
                  00000c6d    00000003     --HOLE-- [fill = 0]
                  00000c70    00000008     (.cinit..bss.load) [load image, compression = zero_init]
                  00000c78    00000010     (__TI_cinit_table)

.init_array 
*          0    00000000    00000000     UNINITIALIZED

.data      0    20000200    00000005     UNINITIALIZED
                  20000200    00000005     main.obj (.data:tabla)

.bss       0    20000205    00000003     UNINITIALIZED
                  20000205    00000001     (.common:lucesParqueos)
                  20000206    00000001     (.common:noParqueos)
                  20000207    00000001     (.common:parqueosDisponibles)

.stack     0    20000000    00000200     UNINITIALIZED
                  20000000    00000004     rtsv7M4_T_le_v4SPD16_eabi.lib : boot_cortex_m.c.obj (.stack)
                  20000004    000001fc     --HOLE--

__llvm_prf_cnts 
*          0    20000000    00000000     UNINITIALIZED

MODULE SUMMARY

       Module                         code   ro data   rw data
       ------                         ----   -------   -------
    .\
       main.obj                       636    0         8      
       tm4c123gh6pm_startup_ccs.obj   12     620       0      
    +--+------------------------------+------+---------+---------+
       Total:                         648    620       8      
                                                              
    D:/TivaWare/driverlib/ccs/Debug/driverlib.lib
       sysctl.obj                     574    108       0      
       gpio.obj                       492    144       0      
       uart.obj                       138    0         0      
    +--+------------------------------+------+---------+---------+
       Total:                         1204   252       0      
                                                              
    D:\programas\codeComposer\ccs\tools\compiler\ti-cgt-arm_20.2.5.LTS\lib\rtsv7M4_T_le_v4SPD16_eabi.lib
       memcpy_t2.asm.obj              156    0         0      
       copy_decompress_lzss.c.obj     104    0         0      
       autoinit.c.obj                 68     0         0      
       boot_cortex_m.c.obj            52     0         0      
       copy_zero_init.c.obj           28     0         0      
       copy_decompress_none.c.obj     14     0         0      
       exit.c.obj                     4      0         0      
       pre_init.c.obj                 4      0         0      
    +--+------------------------------+------+---------+---------+
       Total:                         430    0         0      
                                                              
       Stack:                         0      0         512    
       Linker Generated:              0      45        0      
    +--+------------------------------+------+---------+---------+
       Grand Total:                   2282   917       520    


LINKER GENERATED COPY TABLES

__TI_cinit_table @ 00000c78 records: 2, size/record: 8, table size: 16
	.data: load addr=00000c64, load size=00000009 bytes, run addr=20000200, run size=00000005 bytes, compression=lzss
	.bss: load addr=00000c70, load size=00000008 bytes, run addr=20000205, run size=00000003 bytes, compression=zero_init


LINKER GENERATED HANDLER TABLE

__TI_handler_table @ 00000c58 records: 3, size/record: 4, table size: 12
	index: 0, handler: __TI_decompress_lzss
	index: 1, handler: __TI_decompress_none
	index: 2, handler: __TI_zero_init


GLOBAL SYMBOLS: SORTED ALPHABETICALLY BY Name 

address   name                          
-------   ----                          
00000b59  C$$EXIT                       
00000a61  GPIODirModeSet                
000004e9  GPIOPadConfigSet              
00000925  GPIOPinConfigure              
00000b3d  GPIOPinRead                   
00000af5  GPIOPinTypeGPIOInput          
00000ac9  GPIOPinTypeGPIOOutput         
00000b07  GPIOPinTypeUART               
00000b43  GPIOPinWrite                  
00000b27  ResetISR                      
0000061d  SysCtlClockGet                
0000072d  SysCtlClockSet                
00000b49  SysCtlDelay                   
000009f9  SysCtlPeripheralEnable        
00000b33  UARTCharPut                   
0000096d  UARTConfigSetExpClk           
00000a8d  UARTDisable                   
00000ae1  UARTEnable                    
00000b4f  UARTFIFOLevelSet              
20000200  __STACK_END                   
00000200  __STACK_SIZE                  
20000200  __STACK_TOP                   
00000c78  __TI_CINIT_Base               
00000c88  __TI_CINIT_Limit              
00000c58  __TI_Handler_Table_Base       
00000c64  __TI_Handler_Table_Limit      
000009b5  __TI_auto_init_nobinit_nopinit
000008bd  __TI_decompress_lzss          
00000b19  __TI_decompress_none          
ffffffff  __TI_pprof_out_hndl           
ffffffff  __TI_prof_data_size           
ffffffff  __TI_prof_data_start          
00000000  __TI_static_base__            
00000aad  __TI_zero_init_nomemset       
00000821  __aeabi_memcpy                
00000821  __aeabi_memcpy4               
00000821  __aeabi_memcpy8               
ffffffff  __binit__                     
ffffffff  __c_args__                    
UNDEFED   __mpu_init                    
20000000  __stack                       
20000000  __start___llvm_prf_cnts       
20000000  __stop___llvm_prf_cnts        
00000a2d  _c_int00_noargs               
UNDEFED   _system_post_cinit            
00000b55  _system_pre_init              
00000b59  abort                         
ffffffff  binit                         
00000000  g_pfnVectors                  
20000205  lucesParqueos                 
0000026d  main                          
00000821  memcpy                        
20000206  noParqueos                    
20000207  parqueosDisponibles           


GLOBAL SYMBOLS: SORTED BY Symbol Address 

address   name                          
-------   ----                          
00000000  __TI_static_base__            
00000000  g_pfnVectors                  
00000200  __STACK_SIZE                  
0000026d  main                          
000004e9  GPIOPadConfigSet              
0000061d  SysCtlClockGet                
0000072d  SysCtlClockSet                
00000821  __aeabi_memcpy                
00000821  __aeabi_memcpy4               
00000821  __aeabi_memcpy8               
00000821  memcpy                        
000008bd  __TI_decompress_lzss          
00000925  GPIOPinConfigure              
0000096d  UARTConfigSetExpClk           
000009b5  __TI_auto_init_nobinit_nopinit
000009f9  SysCtlPeripheralEnable        
00000a2d  _c_int00_noargs               
00000a61  GPIODirModeSet                
00000a8d  UARTDisable                   
00000aad  __TI_zero_init_nomemset       
00000ac9  GPIOPinTypeGPIOOutput         
00000ae1  UARTEnable                    
00000af5  GPIOPinTypeGPIOInput          
00000b07  GPIOPinTypeUART               
00000b19  __TI_decompress_none          
00000b27  ResetISR                      
00000b33  UARTCharPut                   
00000b3d  GPIOPinRead                   
00000b43  GPIOPinWrite                  
00000b49  SysCtlDelay                   
00000b4f  UARTFIFOLevelSet              
00000b55  _system_pre_init              
00000b59  C$$EXIT                       
00000b59  abort                         
00000c58  __TI_Handler_Table_Base       
00000c64  __TI_Handler_Table_Limit      
00000c78  __TI_CINIT_Base               
00000c88  __TI_CINIT_Limit              
20000000  __stack                       
20000000  __start___llvm_prf_cnts       
20000000  __stop___llvm_prf_cnts        
20000200  __STACK_END                   
20000200  __STACK_TOP                   
20000205  lucesParqueos                 
20000206  noParqueos                    
20000207  parqueosDisponibles           
ffffffff  __TI_pprof_out_hndl           
ffffffff  __TI_prof_data_size           
ffffffff  __TI_prof_data_start          
ffffffff  __binit__                     
ffffffff  __c_args__                    
ffffffff  binit                         
UNDEFED   __mpu_init                    
UNDEFED   _system_post_cinit            

[54 symbols]
