******************************************************************************
                  TI ARM Linker PC v20.2.5                     
******************************************************************************
>> Linked Mon May 17 15:33:00 2021

OUTPUT FILE NAME:   <Proyecto4_Tiva.out>
ENTRY POINT SYMBOL: "_c_int00_noargs"  address: 00000795


MEMORY CONFIGURATION

         name            origin    length      used     unused   attr    fill
----------------------  --------  ---------  --------  --------  ----  --------
  FLASH                 00000000   00040000  0000089c  0003f764  R  X
  SRAM                  20000000   00008000  00000208  00007df8  RW X


SEGMENT ALLOCATION MAP

run origin  load origin   length   init length attrs members
----------  ----------- ---------- ----------- ----- -------
00000000    00000000    000008a0   000008a0    r-x
  00000000    00000000    0000026c   0000026c    r-- .intvecs
  0000026c    0000026c    00000600   00000600    r-x .text
  00000870    00000870    00000030   00000030    r-- .cinit
20000000    20000000    00000208   00000000    rw-
  20000000    20000000    00000200   00000000    rw- .stack
  20000200    20000200    00000005   00000000    rw- .data
  20000205    20000205    00000003   00000000    rw- .bss


SECTION ALLOCATION MAP

 output                                  attributes/
section   page    origin      length       input sections
--------  ----  ----------  ----------   ----------------
.intvecs   0    00000000    0000026c     
                  00000000    0000026c     tm4c123gh6pm_startup_ccs.obj (.intvecs)

.text      0    0000026c    00000600     
                  0000026c    00000184     main.obj (.text)
                  000003f0    00000132     driverlib.lib : gpio.obj (.text:GPIOPadConfigSet)
                  00000522    00000002     --HOLE-- [fill = 0]
                  00000524    000000f4                   : sysctl.obj (.text:SysCtlClockSet)
                  00000618    0000009c     rtsv7M4_T_le_v4SPD16_eabi.lib : memcpy_t2.asm.obj (.text)
                  000006b4    00000068                                   : copy_decompress_lzss.c.obj (.text:decompress:lzss:__TI_decompress_lzss)
                  0000071c    00000044                                   : autoinit.c.obj (.text:__TI_auto_init_nobinit_nopinit:__TI_auto_init_nobinit_nopinit)
                  00000760    00000034     driverlib.lib : sysctl.obj (.text:SysCtlPeripheralEnable)
                  00000794    00000034     rtsv7M4_T_le_v4SPD16_eabi.lib : boot_cortex_m.c.obj (.text:_c_int00_noargs:_c_int00_noargs)
                  000007c8    0000002a     driverlib.lib : gpio.obj (.text:GPIODirModeSet)
                  000007f2    0000001c     rtsv7M4_T_le_v4SPD16_eabi.lib : copy_zero_init.c.obj (.text:decompress:ZI:__TI_zero_init_nomemset:__TI_zero_init_nomemset)
                  0000080e    00000018     driverlib.lib : gpio.obj (.text:GPIOPinTypeGPIOOutput)
                  00000826    00000012                   : gpio.obj (.text:GPIOPinTypeGPIOInput)
                  00000838    0000000e     rtsv7M4_T_le_v4SPD16_eabi.lib : copy_decompress_none.c.obj (.text:decompress:none:__TI_decompress_none)
                  00000846    0000000c     tm4c123gh6pm_startup_ccs.obj (.text)
                  00000852    00000006     driverlib.lib : gpio.obj (.text:GPIOPinRead)
                  00000858    00000006                   : gpio.obj (.text:GPIOPinWrite)
                  0000085e    00000006                   : sysctl.obj (.text:SysCtlDelay)
                  00000864    00000004     rtsv7M4_T_le_v4SPD16_eabi.lib : pre_init.c.obj (.text:_system_pre_init)
                  00000868    00000004                                   : exit.c.obj (.text:abort:abort)

.cinit     0    00000870    00000030     
                  00000870    0000000c     (__TI_handler_table)
                  0000087c    00000009     (.cinit..data.load) [load image, compression = lzss]
                  00000885    00000003     --HOLE-- [fill = 0]
                  00000888    00000008     (.cinit..bss.load) [load image, compression = zero_init]
                  00000890    00000010     (__TI_cinit_table)

.init_array 
*          0    00000000    00000000     UNINITIALIZED

.data      0    20000200    00000005     UNINITIALIZED
                  20000200    00000005     main.obj (.data:tabla)

.bss       0    20000205    00000003     UNINITIALIZED
                  20000205    00000001     (.common:lucesParqueos)
                  20000206    00000001     (.common:noParqueos)
                  20000207    00000001     (.common:parqueosDisponibles)

.stack     0    20000000    00000200     UNINITIALIZED
                  20000000    00000004     rtsv7M4_T_le_v4SPD16_eabi.lib : boot_cortex_m.c.obj (.stack)
                  20000004    000001fc     --HOLE--

__llvm_prf_cnts 
*          0    20000000    00000000     UNINITIALIZED

MODULE SUMMARY

       Module                         code   ro data   rw data
       ------                         ----   -------   -------
    .\
       tm4c123gh6pm_startup_ccs.obj   12     620       0      
       main.obj                       388    0         8      
    +--+------------------------------+------+---------+---------+
       Total:                         400    620       8      
                                                              
    D:/TivaWare/driverlib/ccs/Debug/driverlib.lib
       gpio.obj                       402    0         0      
       sysctl.obj                     302    0         0      
    +--+------------------------------+------+---------+---------+
       Total:                         704    0         0      
                                                              
    D:\programas\codeComposer\ccs\tools\compiler\ti-cgt-arm_20.2.5.LTS\lib\rtsv7M4_T_le_v4SPD16_eabi.lib
       memcpy_t2.asm.obj              156    0         0      
       copy_decompress_lzss.c.obj     104    0         0      
       autoinit.c.obj                 68     0         0      
       boot_cortex_m.c.obj            52     0         0      
       copy_zero_init.c.obj           28     0         0      
       copy_decompress_none.c.obj     14     0         0      
       exit.c.obj                     4      0         0      
       pre_init.c.obj                 4      0         0      
    +--+------------------------------+------+---------+---------+
       Total:                         430    0         0      
                                                              
       Stack:                         0      0         512    
       Linker Generated:              0      45        0      
    +--+------------------------------+------+---------+---------+
       Grand Total:                   1534   665       520    


LINKER GENERATED COPY TABLES

__TI_cinit_table @ 00000890 records: 2, size/record: 8, table size: 16
	.data: load addr=0000087c, load size=00000009 bytes, run addr=20000200, run size=00000005 bytes, compression=lzss
	.bss: load addr=00000888, load size=00000008 bytes, run addr=20000205, run size=00000003 bytes, compression=zero_init


LINKER GENERATED HANDLER TABLE

__TI_handler_table @ 00000870 records: 3, size/record: 4, table size: 12
	index: 0, handler: __TI_decompress_lzss
	index: 1, handler: __TI_decompress_none
	index: 2, handler: __TI_zero_init


GLOBAL SYMBOLS: SORTED ALPHABETICALLY BY Name 

address   name                          
-------   ----                          
00000869  C$$EXIT                       
000007c9  GPIODirModeSet                
000003f1  GPIOPadConfigSet              
00000853  GPIOPinRead                   
00000827  GPIOPinTypeGPIOInput          
0000080f  GPIOPinTypeGPIOOutput         
00000859  GPIOPinWrite                  
00000847  ResetISR                      
00000525  SysCtlClockSet                
0000085f  SysCtlDelay                   
00000761  SysCtlPeripheralEnable        
20000200  __STACK_END                   
00000200  __STACK_SIZE                  
20000200  __STACK_TOP                   
00000890  __TI_CINIT_Base               
000008a0  __TI_CINIT_Limit              
00000870  __TI_Handler_Table_Base       
0000087c  __TI_Handler_Table_Limit      
0000071d  __TI_auto_init_nobinit_nopinit
000006b5  __TI_decompress_lzss          
00000839  __TI_decompress_none          
ffffffff  __TI_pprof_out_hndl           
ffffffff  __TI_prof_data_size           
ffffffff  __TI_prof_data_start          
00000000  __TI_static_base__            
000007f3  __TI_zero_init_nomemset       
00000619  __aeabi_memcpy                
00000619  __aeabi_memcpy4               
00000619  __aeabi_memcpy8               
ffffffff  __binit__                     
ffffffff  __c_args__                    
UNDEFED   __mpu_init                    
20000000  __stack                       
20000000  __start___llvm_prf_cnts       
20000000  __stop___llvm_prf_cnts        
00000795  _c_int00_noargs               
UNDEFED   _system_post_cinit            
00000865  _system_pre_init              
00000869  abort                         
ffffffff  binit                         
00000000  g_pfnVectors                  
20000205  lucesParqueos                 
0000026d  main                          
00000619  memcpy                        
20000206  noParqueos                    
20000207  parqueosDisponibles           


GLOBAL SYMBOLS: SORTED BY Symbol Address 

address   name                          
-------   ----                          
00000000  __TI_static_base__            
00000000  g_pfnVectors                  
00000200  __STACK_SIZE                  
0000026d  main                          
000003f1  GPIOPadConfigSet              
00000525  SysCtlClockSet                
00000619  __aeabi_memcpy                
00000619  __aeabi_memcpy4               
00000619  __aeabi_memcpy8               
00000619  memcpy                        
000006b5  __TI_decompress_lzss          
0000071d  __TI_auto_init_nobinit_nopinit
00000761  SysCtlPeripheralEnable        
00000795  _c_int00_noargs               
000007c9  GPIODirModeSet                
000007f3  __TI_zero_init_nomemset       
0000080f  GPIOPinTypeGPIOOutput         
00000827  GPIOPinTypeGPIOInput          
00000839  __TI_decompress_none          
00000847  ResetISR                      
00000853  GPIOPinRead                   
00000859  GPIOPinWrite                  
0000085f  SysCtlDelay                   
00000865  _system_pre_init              
00000869  C$$EXIT                       
00000869  abort                         
00000870  __TI_Handler_Table_Base       
0000087c  __TI_Handler_Table_Limit      
00000890  __TI_CINIT_Base               
000008a0  __TI_CINIT_Limit              
20000000  __stack                       
20000000  __start___llvm_prf_cnts       
20000000  __stop___llvm_prf_cnts        
20000200  __STACK_END                   
20000200  __STACK_TOP                   
20000205  lucesParqueos                 
20000206  noParqueos                    
20000207  parqueosDisponibles           
ffffffff  __TI_pprof_out_hndl           
ffffffff  __TI_prof_data_size           
ffffffff  __TI_prof_data_start          
ffffffff  __binit__                     
ffffffff  __c_args__                    
ffffffff  binit                         
UNDEFED   __mpu_init                    
UNDEFED   _system_post_cinit            

[46 symbols]
